node(0) 
at(0)=(- 8) 

node(0) 
at(0)=(- 7) 

node(0) 
at(0)=(- 6) 

node(0) 
at(0)=(- 2) 

node(0) 
at(0)=(- 1) 

node(0) 
at(0)=0 

node(0) 
at(0)=9 

node(0) 
at(0)=10 

node(0) 
at(0)=11 

node(0) 
at(0)=5
