{}
x=4 

{}
x=3 

b 
x=3 

a b 
x=3 

a b 
x=4 

a b 
x=5 

a b 
x=6 

a b 
x=7 

a b 
x=8 

a b 
x=9 

a b 
x=10 

a b 
x=11 

a b 
x=12 

a b 
x=13 

a b 
x=14 

a b 
x=15 

a b 
x=16 

a 
x=3 

{}
x=5 

{}
x=6 

{}
x=7 

{}
x=8 

{}
x=9 

{}
x=10 

{}
x=11 

{}
x=12 

{}
x=13 

{}
x=14 

{}
x=15 

{}
x=16 

b 
x=10 

b 
x=9 

b 
x=8 

b 
x=11 

b 
x=7 

b 
x=6 

b 
x=12 

b 
x=13 

b 
x=14 

b 
x=5 

b 
x=15 

b 
x=16 

b 
x=4 

