node(5) 
at(5)=(- 10) 

node(5) 
at(5)=(- 4) 

node(5) 
at(5)=7 

node(5) 
at(5)=15 

node(5) 
at(5)=3
