node(3) node(2) 
at(2)=6 at(3)=6 

node(3) node(2) 
at(2)=7 at(3)=6 

node(3) node(2) 
at(2)=7 at(3)=7 

node(3) node(2) 
at(2)=6 at(3)=7 

node(3) node(2) 
at(2)=6 at(3)=(- 6) 

node(3) node(2) 
at(2)=6 at(3)=(- 7) 

node(3) node(2) 
at(2)=7 at(3)=(- 7) 

node(3) node(2) 
at(2)=7 at(3)=(- 6) 

node(3) node(2) 
at(2)=(- 6) at(3)=(- 6) 

node(3) node(2) 
at(2)=(- 7) at(3)=(- 6) 

node(3) node(2) 
at(2)=(- 7) at(3)=(- 7) 

node(3) node(2) 
at(2)=(- 6) at(3)=(- 7) 

node(3) node(2) 
at(2)=(- 6) at(3)=6 

node(3) node(2) 
at(2)=(- 6) at(3)=7 

node(3) node(2) 
at(2)=(- 7) at(3)=7 

node(3) node(2) 
at(2)=(- 7) at(3)=6
