node(2) node(3) node(4) node(5) node(6) node(7) 
at(2)=26 at(3)=37 at(4)=50 at(5)=65 at(6)=82 at(7)=101
